Diagnose log at 2025-12-23T15:08:04Z

AppPath: C:\Program Files\Git\mingw64\bin\git-credential-manager.exe
InstallDir: C:\Program Files\Git\mingw64\bin\
Version: 2.6.1+786ab03440ddc82e807a97c0e540f5247e44cec6

------------
Diagnostic: Environment
Skipped: False
Success: True
Exception: None
Log:
OSType: Windows
OSVersion: 10.0 (build 26200)
Reading environment variables... OK
 Variables:
HOMEPATH=\Users\asus
POSH_INSTALLER=manual
COMPUTERNAME=LAPTOP-SA64SCQ6
DriverData=C:\Windows\System32\Drivers\DriverData
GIT_TRACE2_PARENT_SID=9f4051a0-1684-4491-9eb1-2bd8d7620d63
CommonProgramFiles(x86)=C:\Program Files (x86)\Common Files
GCExpConfigUsedInSession=3
OneDrive=C:\Users\asus\OneDrive
EFC_17660_2775293581=1
SESSIONNAME=Console
VisualStudioEdition=Microsoft Visual Studio Community 2022
ServiceHubLogSessionKey=8758D0E7
SignInWithHomeTenantOnly=False
LC_CTYPE=C.UTF-8
PATHEXT=.COM;.EXE;.BAT;.CMD;.VBS;.VBE;.JS;.JSE;.WSF;.WSH;.MSC;.PY;.PYW
PkgDefApplicationConfigFile=C:\Users\asus\AppData\Local\Microsoft\VisualStudio\17.0_6b3134fe\devenv.exe.config
VSLANG=2052
USERNAME=asus
GIT_EXEC_PATH=C:/Program Files/Git/mingw64/libexec/git-core
TEMP=C:\Users\asus\AppData\Local\Temp
LOCALAPPDATA=C:\Users\asus\AppData\Local
MSYSTEM=MINGW64
TERM=xterm-256color
PROCESSOR_IDENTIFIER=AMD64 Family 25 Model 97 Stepping 2, AuthenticAMD
VSAPPIDNAME=devenv.exe
IntelliJ IDEA=C:\Program Files\Java\jdk-21\bin;C:\Program Files\Tencent\WeChat;
POSH_THEMES_PATH=C:\Users\asus\AppData\Local\Programs\oh-my-posh\themes\
JAVA_HOME=C:\Program Files\Java\jdk-21
USERDOMAIN=LAPTOP-SA64SCQ6
VS_Perf_Session_GCHeapCount=2
PROCESSOR_REVISION=6102
Path=C:/Program Files/Git/mingw64/libexec/git-core;C:\Program Files\Git\mingw64\bin;C:\Program Files\Git\usr\bin;C:\Users\asus\bin;C:\Program Files (x86)\VMware\VMware Workstation\bin\;C:\Program Files\Java\jdk-21;C:\应用下载\python\Scripts\;C:\;用下载\python\;%S;stemRoot%\system32;C:\WINDOWS;C:\WINDOWS\System32\Wbem;C:\WINDOWS\System32\WindowsPowerShell\v1.0\;C:\WINDOWS\System32\OpenSSH\;C:\Program Files (x86)\NVIDIA Corporation\PhysX\Common;C:\Program Files\NVIDIA Corporation\NVIDIA NvDLISR;C:\Program Files\dotnet\;C:\Program Files\Java\jdk-21\bin;C:\Program Files\Java\jdk-21\bin;C:\Program Files\nodejs\;C:\Program Files\MATLAB\R2024b\bin;C:\Program Files (x86)\Windows Kits\10\Windows Performance Toolkit\;C:\Program Files\Git\cmd;C:\Program Files\Microsoft SQL Server\150\Tools\Binn\;C:\Program Files\Microsoft SQL Server\Client SDK\ODBC\170\Tools\Binn\;C:\Users\asus\miniconda3;C:\Users\asus\miniconda3\Library\mingw-w64\bin;C:\Users\asus\miniconda3\Library\usr\bin;C:\Users\asus\miniconda3\Library\bin;C:\Users\asus\miniconda3\Scripts;C:\Users\asus\Miniconda;C:\Users\asus\Miniconda\Scripts;C:\Program Files\Common Files\Oracle\Java\javapath;C:\应用下载\python\Scripts\;C:\应用下载\python\;C:\Windows\system32;C:\Windows;C:\Windows\System32\Wbem;C:\Windows\System32\WindowsPowerShell\v1.0\;C:\Windows\System32\OpenSSH\;C:\Program Files (x86)\NVIDIA Corporation\PhysX\Common;C:\Program Files\NVIDIA Corporation\NVIDIA NvDLISR;C:\Program Files\dotnet\;C:\Program Files (x86)\Windows Kits\10\Windows Performance Toolkit\;C:\Users\asus\AppData\Local\Programs\oh-my-posh\bin\;C:\Users\asus\AppData\Local\Microsoft\WindowsApps;C:\应用下载\pycharm\PyCharm 2024.1.6\bin;C:\Program Files\Java\jdk-21\bin;C:\Program Files\Tencent\WeChat;C:\Program Files (x86)\7-Zip;C:\Users\asus\AppData\Local\Microsoft\WindowsApps;C:\Download\java\bin;C:\Program Files\Java\jdk-21\bin;C:\Users\asus\AppData\Local\Programs\cursor\resources\app\bin;C:\Users\asus\AppData\Roaming\npm;C:\Users\asus\AppData\Local\Programs\MiKTeX\miktex\bin\x64\;C:\Users\asus\AppData\Local\Programs\Microsoft VS Code\bin;C:\Users\asus\AppData\Local\GitHubDesktop\bin;C:\Users\asus\.dotnet\tools;C:\Program Files\Git\cmd
PROCESSOR_LEVEL=25
NUMBER_OF_PROCESSORS=32
TMPDIR=C:\Users\asus\AppData\Local\Temp
EFC_17660_1262719628=1
VisualStudioVersion=17.0
PROMPT=$P$G
MSBuildLoadMicrosoftTargetsReadOnly=true
ProgramFiles(x86)=C:\Program Files (x86)
PUBLIC=C:\Users\Public
FPS_BROWSER_USER_PROFILE_STRING=Default
CommonProgramFiles=C:\Program Files (x86)\Common Files
TMP=C:\Users\asus\AppData\Local\Temp
VisualStudioDir=C:\Users\asus\Documents\Visual Studio 2022
PLINK_PROTOCOL=ssh
COLORTERM=truecolor
ProgramW6432=C:\Program Files
ACSvcPort=17532
ProgramFiles=C:\Program Files (x86)
QTDIR=C:\Download\Qt\6.9.2\msvc2022_64
VSSKUEDITION=Community
ThreadedWaitDialogDpiContext=-4
RlsSvcPort=22112
ServiceHubHostServiceBrokerPipeName=\\.\pipe\FB77C213-4A1F-4EE7-983A-9002F23F1A5E
EFC_17660_3789132940=1
Qt=C:\Download\Qt\5.14.2\mingw73_64\bin
HOME=C:\Users\asus
PYTHONIOENCODING=UTF8
SystemRoot=C:\WINDOWS
CommonProgramW6432=C:\Program Files\Common Files
LOGONSERVER=\\LAPTOP-SA64SCQ6
USERPROFILE=C:\Users\asus
EFC_17660_2283032206=1
QtMsBuild=C:\Users\asus\AppData\Local\QtMsBuild
ProgramData=C:\ProgramData
VSAPPIDDIR=C:\Program Files\Microsoft Visual Studio\2022\Community\Common7\IDE\
USERDOMAIN_ROAMINGPROFILE=LAPTOP-SA64SCQ6
PyCharm=C:\应用下载\pycharm\PyCharm 2024.1.6\bin;
APPDATA=C:\Users\asus\AppData\Roaming
HOMEDRIVE=C:
ACSetupSvcPort=23210
VsPerMonitorDpiAwarenessEnabled.4220=TRUE
PSModulePath=C:\Program Files\WindowsPowerShell\Modules;C:\WINDOWS\system32\WindowsPowerShell\v1.0\Modules
EFC_17660_1592913036=1
PROCESSOR_ARCHITEW6432=AMD64
FPS_BROWSER_APP_PROFILE_STRING=Internet Explorer
PROCESSOR_ARCHITECTURE=x86
OS=Windows_NT
ComSpec=C:\WINDOWS\system32\cmd.exe
SystemDrive=C:
windir=C:\WINDOWS
OneDriveConsumer=C:\Users\asus\OneDrive
ALLUSERSPROFILE=C:\ProgramData


------------
Diagnostic: File system
Skipped: False
Success: True
Exception: None
Log:
Temporary directory is 'C:\Users\asus\AppData\Local\Temp\'...
Checking basic file I/O...
Writing to temporary file 'C:\Users\asus\AppData\Local\Temp\51d64eb684733d3674fd11a6'... OK
Reading from temporary file 'C:\Users\asus\AppData\Local\Temp\51d64eb684733d3674fd11a6'... OK
Deleting temporary file 'C:\Users\asus\AppData\Local\Temp\51d64eb684733d3674fd11a6'... OK
Testing IFileSystem instance...
UserHomePath: C:\Users\asus
UserDataDirectoryPath: C:\Users\asus\.gcm
GetCurrentDirectory(): C:\Users\asus\Desktop\files\Coding\C_Plus_Plus\visual studio\clone_GemMatch_CPlusPlus\GemMatch_CPlusPlus

------------
Diagnostic: Networking
Skipped: False
Success: True
Exception: None
Log:
Checking networking and HTTP stack...
Creating HTTP client... OK
IsNetworkAvailable: True
Sending HEAD request to http://example.com...Sending HEAD request to https://example.com... OK
 OK
Acquiring free TCP port... OK
Testing local HTTP loopback connections...
Creating new HTTP listener for http://localhost:52677/... OK
Waiting for loopback connection... OK
Writing response... OK
Waiting for response data... OK
Loopback connection data OK

------------
Diagnostic: Git
Skipped: False
Success: True
Exception: None
Log:
Getting Git version... OK
Git version is '2.52.0.windows.1'
Locating current repository...Git repository at 'C:/Users/asus/Desktop/files/Coding/C_Plus_Plus/visual studio/clone_GemMatch_CPlusPlus/GemMatch_CPlusPlus/.git'
 OK
Listing all Git configuration... OK
Git configuration:
file:C:/Program Files/Git/etc/gitconfig	diff.astextplain.textconv=astextplain
file:C:/Program Files/Git/etc/gitconfig	filter.lfs.clean=git-lfs clean -- %f
file:C:/Program Files/Git/etc/gitconfig	filter.lfs.smudge=git-lfs smudge -- %f
file:C:/Program Files/Git/etc/gitconfig	filter.lfs.process=git-lfs filter-process
file:C:/Program Files/Git/etc/gitconfig	filter.lfs.required=true
file:C:/Program Files/Git/etc/gitconfig	http.sslbackend=schannel
file:C:/Program Files/Git/etc/gitconfig	core.autocrlf=true
file:C:/Program Files/Git/etc/gitconfig	core.fscache=true
file:C:/Program Files/Git/etc/gitconfig	core.symlinks=false
file:C:/Program Files/Git/etc/gitconfig	pull.rebase=false
file:C:/Program Files/Git/etc/gitconfig	credential.helper=manager
file:C:/Program Files/Git/etc/gitconfig	credential.https://dev.azure.com.usehttppath=true
file:C:/Program Files/Git/etc/gitconfig	init.defaultbranch=main
file:C:/Users/asus/.gitconfig	filter.lfs.clean=git-lfs clean -- %f
file:C:/Users/asus/.gitconfig	filter.lfs.smudge=git-lfs smudge -- %f
file:C:/Users/asus/.gitconfig	filter.lfs.process=git-lfs filter-process
file:C:/Users/asus/.gitconfig	filter.lfs.required=true
file:C:/Users/asus/.gitconfig	user.name=Justin
file:C:/Users/asus/.gitconfig	user.email=johndoe@example.comzhitongliu061115@gmail.com
file:C:/Users/asus/.gitconfig	core.editor="C:\Users\asus\AppData\Local\Programs\Microsoft VS Code\bin\code" --wait
file:C:/Users/asus/.gitconfig	http.proxy=http://127.0.0.1:7890
file:C:/Users/asus/.gitconfig	https.proxy=http://127.0.0.1:7890
file:C:/Users/asus/.gitconfig	credential.helper=manager-core
file:.git/config	core.repositoryformatversion=0
file:.git/config	core.filemode=false
file:.git/config	core.bare=false
file:.git/config	core.logallrefupdates=true
file:.git/config	core.symlinks=false
file:.git/config	core.ignorecase=true
file:.git/config	submodule.active=.
file:.git/config	remote.origin.url=https://github.com/Yeah495/GemMatch_CPlusPlus.git
file:.git/config	remote.origin.fetch=+refs/heads/*:refs/remotes/origin/*
file:.git/config	branch.main.remote=origin
file:.git/config	branch.main.merge=refs/heads/main
file:.git/config	lfs.repositoryformatversion=0
file:.git/config	branch.LZT.remote=origin
file:.git/config	branch.LZT.merge=refs/heads/LZT
file:.git/config	credential.username=Justin-1115


------------
Diagnostic: Credential storage
Skipped: False
Success: True
Exception: None
Log:
ICredentialStore instance is of type: CredentialStore
Writing test credential... OK
Reading test credential... OK
Deleting test credential... OK

------------
Diagnostic: Microsoft authentication (AAD/MSA)
Skipped: False
Success: True
Exception: None
Log:
Broker is not enabled.
Flow type is: Auto
Gathering MSAL token cache data... OK
CacheDirectory: C:\Users\asus\AppData\Local\.IdentityService
CacheFileName: msal.cache
CacheFilePath: C:\Users\asus\AppData\Local\.IdentityService\msal.cache
Creating cache helper... OK
Verifying MSAL token cache persistence... OK

------------
Diagnostic: GitHub API
Skipped: False
Success: False
Exception:
System.Threading.Tasks.TaskCanceledException: 已取消一个任务。
   在 System.Runtime.CompilerServices.TaskAwaiter.ThrowForNonSuccess(Task task)
   在 System.Runtime.CompilerServices.TaskAwaiter.HandleNonSuccessAndDebuggerNotification(Task task)
   在 System.Runtime.CompilerServices.TaskAwaiter`1.GetResult()
   在 GitHub.GitHubRestApi.<GetMetaInfoAsync>d__5.MoveNext()
--- 引发异常的上一位置中堆栈跟踪的末尾 ---
   在 System.Runtime.CompilerServices.TaskAwaiter.ThrowForNonSuccess(Task task)
   在 System.Runtime.CompilerServices.TaskAwaiter.HandleNonSuccessAndDebuggerNotification(Task task)
   在 System.Runtime.CompilerServices.TaskAwaiter`1.GetResult()
   在 GitHub.Diagnostics.GitHubApiDiagnostic.<RunInternalAsync>d__2.MoveNext()
--- 引发异常的上一位置中堆栈跟踪的末尾 ---
   在 System.Runtime.CompilerServices.TaskAwaiter.ThrowForNonSuccess(Task task)
   在 System.Runtime.CompilerServices.TaskAwaiter.HandleNonSuccessAndDebuggerNotification(Task task)
   在 System.Runtime.CompilerServices.TaskAwaiter`1.GetResult()
   在 GitCredentialManager.Diagnostics.Diagnostic.<RunAsync>d__6.MoveNext()
Log:
Using 'https://github.com/' as API target.
Querying '/meta' endpoint...
